{
  'jpropertiesslang-project:ruling/src/test/resources/sources/properties/parseerror.properties':[
    11,
  ],
}
