{
'jpropertiesslang-project:ruling/src/test/resources/sources/properties/todo.properties':
[9,10],
}
